/Users/Umut/Github/Pickleib/src/main/java/utils/driver/Initialize.java
/Users/Umut/Github/Pickleib/src/main/java/utils/driver/DriverFactory.java
/Users/Umut/Github/Pickleib/src/main/java/utils/PropertiesReader.java
/Users/Umut/Github/Pickleib/src/main/java/utils/StringUtilities.java
/Users/Umut/Github/Pickleib/src/main/java/utils/FileUtilities.java
/Users/Umut/Github/Pickleib/src/main/java/utils/JsonUtilities.java
/Users/Umut/Github/Pickleib/src/main/java/utils/NumericUtilities.java
/Users/Umut/Github/Pickleib/src/main/java/utils/ApiUtilities.java
/Users/Umut/Github/Pickleib/src/main/java/utils/driver/Driver.java
/Users/Umut/Github/Pickleib/src/main/java/resources/Colors.java
/Users/Umut/Github/Pickleib/src/main/java/utils/TextParser.java
/Users/Umut/Github/Pickleib/src/main/java/utils/Printer.java
/Users/Umut/Github/Pickleib/src/main/java/resources/api/APILibrary.java
/Users/Umut/Github/Pickleib/src/main/java/resources/Database.java
/Users/Umut/Github/Pickleib/src/main/java/utils/Utilities.java
/Users/Umut/Github/Pickleib/src/main/java/utils/TerminalUtils.java
