/Users/Ay/Github/Mobileib/src/main/java/utils/JsonUtilities.java
/Users/Ay/Github/Mobileib/src/main/java/utils/NumericUtilities.java
/Users/Ay/Github/Mobileib/src/main/java/utils/ApiUtilities.java
/Users/Ay/Github/Mobileib/src/main/java/utils/TerminalUtilities.java
/Users/Ay/Github/Mobileib/src/main/java/resources/Capabilities.java
/Users/Ay/Github/Mobileib/src/main/java/utils/driver/Driver.java
/Users/Ay/Github/Mobileib/src/main/java/utils/XPathUtilities.java
/Users/Ay/Github/Mobileib/src/main/java/resources/Database.java
/Users/Ay/Github/Mobileib/src/main/java/utils/StringUtilities.java
/Users/Ay/Github/Mobileib/src/main/java/utils/Utilities.java
/Users/Ay/Github/Mobileib/src/main/java/utils/driver/DriverFactory.java
/Users/Ay/Github/Mobileib/src/main/java/utils/FileUtilities.java
/Users/Ay/Github/Mobileib/src/main/java/resources/Colors.java
/Users/Ay/Github/Mobileib/src/main/java/utils/TextParser.java
/Users/Ay/Github/Mobileib/src/main/java/utils/PropertiesReader.java
/Users/Ay/Github/Mobileib/src/main/java/utils/EmailUtilities.java
/Users/Ay/Github/Mobileib/src/main/java/utils/Printer.java
